Archive member included to satisfy reference by file (symbol)

C:/Program Files (x86)/Arm GNU Toolchain arm-none-eabi/13.3 rel1/bin/../lib/gcc/arm-none-eabi/13.3.1/thumb/v6-m/nofp\libgcc.a(_thumb1_case_sqi.o)
                              ./build/./sdk/lib/ble_host/gap_task.o (__gnu_thumb1_case_sqi)
C:/Program Files (x86)/Arm GNU Toolchain arm-none-eabi/13.3 rel1/bin/../lib/gcc/arm-none-eabi/13.3.1/thumb/v6-m/nofp\libgcc.a(_thumb1_case_uqi.o)
                              ./build/./sdk/lib/rf/patch.o (__gnu_thumb1_case_uqi)
C:/Program Files (x86)/Arm GNU Toolchain arm-none-eabi/13.3 rel1/bin/../lib/gcc/arm-none-eabi/13.3.1/thumb/v6-m/nofp\libgcc.a(_thumb1_case_shi.o)
                              ./build/./sdk/lib/rf/patch.o (__gnu_thumb1_case_shi)
C:/Program Files (x86)/Arm GNU Toolchain arm-none-eabi/13.3 rel1/bin/../lib/gcc/arm-none-eabi/13.3.1/thumb/v6-m/nofp\libgcc.a(_thumb1_case_uhi.o)
                              ./build/./sdk/lib/ble_host/gatt_client.o (__gnu_thumb1_case_uhi)

Discarded input sections

 .group         0x00000000        0xc ./build/source/app/app.o
 .group         0x00000000        0xc ./build/source/app/app.o
 .group         0x00000000        0xc ./build/source/app/app.o
 .group         0x00000000        0xc ./build/source/app/app.o
 .group         0x00000000        0xc ./build/source/app/app.o
 .group         0x00000000        0xc ./build/source/app/app.o
 .group         0x00000000        0xc ./build/source/app/app.o
 .group         0x00000000        0xc ./build/source/app/app.o
 .group         0x00000000        0xc ./build/source/app/app.o
 .group         0x00000000        0xc ./build/source/app/app.o
 .group         0x00000000        0xc ./build/source/app/app.o
 .group         0x00000000        0xc ./build/source/app/app.o
 .group         0x00000000        0xc ./build/source/app/app.o
 .group         0x00000000        0xc ./build/source/app/app.o
 .group         0x00000000        0xc ./build/source/app/app.o
 .group         0x00000000        0xc ./build/source/app/app.o
 .group         0x00000000        0xc ./build/source/app/app.o
 .group         0x00000000        0xc ./build/source/app/app.o
 .group         0x00000000        0xc ./build/source/app/app.o
 .group         0x00000000        0xc ./build/source/app/app.o
 .group         0x00000000        0xc ./build/source/app/app.o
 .group         0x00000000        0xc ./build/source/app/app.o
 .group         0x00000000        0xc ./build/source/app/app.o
 .group         0x00000000        0xc ./build/source/app/app.o
 .group         0x00000000        0xc ./build/source/app/app.o
 .group         0x00000000        0xc ./build/source/app/app.o
 .group         0x00000000        0xc ./build/source/app/app.o
 .group         0x00000000        0xc ./build/source/app/app.o
 .group         0x00000000        0xc ./build/source/app/app.o
 .group         0x00000000        0xc ./build/source/app/app.o
 .group         0x00000000        0xc ./build/source/app/app.o
 .group         0x00000000        0xc ./build/source/app/app.o
 .group         0x00000000        0xc ./build/source/app/app.o
 .group         0x00000000        0xc ./build/source/app/app.o
 .group         0x00000000        0xc ./build/source/app/app.o
 .group         0x00000000        0xc ./build/source/app/app.o
 .group         0x00000000        0xc ./build/source/app/app.o
 .group         0x00000000        0xc ./build/source/app/app.o
 .group         0x00000000        0xc ./build/source/app/app.o
 .group         0x00000000        0xc ./build/source/app/app.o
 .group         0x00000000        0xc ./build/source/app/app.o
 .group         0x00000000        0xc ./build/source/app/app.o
 .text          0x00000000        0x0 ./build/source/app/app.o
 .data          0x00000000        0x0 ./build/source/app/app.o
 .bss           0x00000000        0x0 ./build/source/app/app.o
 .group         0x00000000        0xc ./build/source/display/display.o
 .group         0x00000000        0xc ./build/source/display/display.o
 .group         0x00000000        0xc ./build/source/display/display.o
 .group         0x00000000        0xc ./build/source/display/display.o
 .group         0x00000000        0xc ./build/source/display/display.o
 .group         0x00000000        0xc ./build/source/display/display.o
 .group         0x00000000        0xc ./build/source/display/display.o
 .group         0x00000000        0xc ./build/source/display/display.o
 .group         0x00000000        0xc ./build/source/display/display.o
 .group         0x00000000        0xc ./build/source/display/display.o
 .group         0x00000000        0xc ./build/source/display/display.o
 .group         0x00000000        0xc ./build/source/display/display.o
 .group         0x00000000        0xc ./build/source/display/display.o
 .group         0x00000000        0xc ./build/source/display/display.o
 .group         0x00000000        0xc ./build/source/display/display.o
 .group         0x00000000        0xc ./build/source/display/display.o
[...]
Memory Configuration

Name             Origin             Length             Attributes
jumptbl          0x1fff0000         0x00000400         rw
gcfgtbl          0x1fff0400         0x00000400         rw
sram             0x1fff1838         0x0000e7c8         xrw
flash            0x11010100         0x0001ff00         xr
sram2            0x20000000         0x00010000         xrw
sram3            0x20010000         0x00002000         xrw
sram4            0x20012000         0x00000800         xrw
*default*        0x00000000         0xffffffff

Linker script and memory map


.jumptbl        0x1fff0000      0x400
 *(jump_table_mem_area)
 jump_table_mem_area
                0x1fff0000      0x400 ./build/./sdk/misc/jump_table.o
                0x1fff0000                jump_table_base

.gcfgtbl        0x1fff0400      0x400
 *(global_config_area)
 global_config_area
                0x1fff0400      0x400 ./build/./sdk/misc/jump_table.o
                0x1fff0400                global_config

.textentry      0x1fff1838        0x8
 *(*.isr_vector)
 .isr_vector    0x1fff1838        0x8 ./build/./sdk/misc/CMSIS/device/phyplus/phy6222_vectors.o
                0x1fff1838                _vectors
                0x1fff1840                        _sdata = ABSOLUTE (.)

.text           0x1fff1840     0x2278
                0x1fff1840                        _stextram = ABSOLUTE (.)
 *phy6222_start.o(.text)
 .text          0x1fff1840       0x10 ./build/./sdk/misc/CMSIS/device/phyplus/phy6222_start.o
                0x1fff1840                __start
 *.o(_section_standby_code_)
 *.o(_section_sram_code_)
 _section_sram_code_
                0x1fff1850       0xb4 ./build/./sdk/lib/ble_host/l2cap_util.o
                0x1fff1850                L2CAP_Fragment_SendDataPkt
                0x1fff187c                l2capSegmentBuffToLinkLayer
                0x1fff18d8                l2capPocessFragmentTxData
 _section_sram_code_
                0x1fff1904       0x40 ./build/./sdk/components/driver/flash/flash.o
 _section_sram_code_
                0x1fff1944      0x194 ./build/./sdk/components/driver/uart/uart.o
                0x1fff1a58                hal_UART0_IRQHandler
                0x1fff1a98                hal_UART1_IRQHandler
 *patch.o(.text.*)
 .text.ll_hw_go1
                0x1fff1ad8      0x1c4 ./build/./sdk/lib/rf/patch.o
                0x1fff1ad8                ll_hw_go1
 .text.LL_set_default_conn_params1
                0x1fff1c9c       0x14 ./build/./sdk/lib/rf/patch.o
                0x1fff1c9c                LL_set_default_conn_params1
 .text.llSetupNextSlaveEvent1
                0x1fff1cb0       0x2c ./build/./sdk/lib/rf/patch.o
                0x1fff1cb0                llSetupNextSlaveEvent1
 .text.ll_scheduler2
                0x1fff1cdc       0x48 ./build/./sdk/lib/rf/patch.o
                0x1fff1cdc                ll_scheduler2
 .text.ll_adptive_adj_next_time1
                0x1fff1d24       0xb8 ./build/./sdk/lib/rf/patch.o
                0x1fff1d24                ll_adptive_adj_next_time1
 .text.llConnTerminate1
                0x1fff1ddc       0x48 ./build/./sdk/lib/rf/patch.o
                0x1fff1ddc                llConnTerminate1
 .text.config_RTC1
                0x1fff1e24       0x74 ./build/./sdk/lib/rf/patch.o
                0x1fff1e24                config_RTC1
 .text.LL_ENC_AES128_Encrypt1
                0x1fff1e98       0x1a ./build/./sdk/lib/rf/patch.o
                0x1fff1e98                LL_ENC_AES128_Encrypt1
 *fill*         0x1fff1eb2        0x2 
 .text.LL_ENC_Encrypt1
                0x1fff1eb4      0x1ac ./build/./sdk/lib/rf/patch.o
                0x1fff1eb4                LL_ENC_Encrypt1
 .text.LL_ENC_Decrypt1
                0x1fff2060      0x1dc ./build/./sdk/lib/rf/patch.o
                0x1fff2060                LL_ENC_Decrypt1
 .text.LL_SetAdvControl1
                0x1fff223c      0x1a0 ./build/./sdk/lib/rf/patch.o
                0x1fff223c                LL_SetAdvControl1
 .text.llProcessTxData1
                0x1fff23dc        0xc ./build/./sdk/lib/rf/patch.o
                0x1fff23dc                llProcessTxData1
 .text.ll_generateTxBuffer1
                0x1fff23e8      0x1bc ./build/./sdk/lib/rf/patch.o
                0x1fff23e8                ll_generateTxBuffer1
 .text.enterSleepProcess1
                0x1fff25a4       0x44 ./build/./sdk/lib/rf/patch.o
                0x1fff25a4                enterSleepProcess1
 .text.llSetupSecAdvEvt1
                0x1fff25e8       0x90 ./build/./sdk/lib/rf/patch.o
                0x1fff25e8                llSetupSecAdvEvt1
 .text.LL_SetAdvParam1
                0x1fff2678       0x5c ./build/./sdk/lib/rf/patch.o
                0x1fff2678                LL_SetAdvParam1
 .text.LL_SetDataLengh1
                0x1fff26d4       0x30 ./build/./sdk/lib/rf/patch.o
                0x1fff26d4                LL_SetDataLengh1
 .text.read_LL_remainder_time1
                0x1fff2704       0x24 ./build/./sdk/lib/rf/patch.o
 .text.llSecAdvAllow1
                0x1fff2728       0x4c ./build/./sdk/lib/rf/patch.o
                0x1fff2728                llSecAdvAllow1
 .text.llCalcMaxScanTime1
                0x1fff2774       0x3c ./build/./sdk/lib/rf/patch.o
                0x1fff2774                llCalcMaxScanTime1
 .text.__wdt_init
                0x1fff27b0       0x18 ./build/./sdk/lib/rf/patch.o
                0x1fff27b0                __wdt_init
 .text.wakeup_init1
                0x1fff27c8       0xe8 ./build/./sdk/lib/rf/patch.o
                0x1fff27c8                wakeup_init1
 .text.wakeupProcess1
                0x1fff28b0      0x20c ./build/./sdk/lib/rf/patch.o
                0x1fff28b0                wakeupProcess1
 .text.ll_processBasicIRQ_SRX
                0x1fff2abc       0x1c ./build/./sdk/lib/rf/patch.o
                0x1fff2abc                ll_processBasicIRQ_SRX
 .text.ll_processBasicIRQ_secondaryAdvTRX
                0x1fff2ad8       0x1c ./build/./sdk/lib/rf/patch.o
                0x1fff2ad8                ll_processBasicIRQ_secondaryAdvTRX
 .text.ll_processBasicIRQ_ScanTRX
                0x1fff2af4       0x1c ./build/./sdk/lib/rf/patch.o
                0x1fff2af4                ll_processBasicIRQ_ScanTRX
 .text.ll_processBasicIRQ_secondaryScanSRX
                0x1fff2b10       0x1c ./build/./sdk/lib/rf/patch.o
                0x1fff2b10                ll_processBasicIRQ_secondaryScanSRX
 .text.ll_processBasicIRQ_secondaryInitSRX
                0x1fff2b2c       0x1c ./build/./sdk/lib/rf/patch.o
                0x1fff2b2c                ll_processBasicIRQ_secondaryInitSRX
 .text.LL_IRQHandler1
                0x1fff2b48      0x164 ./build/./sdk/lib/rf/patch.o
                0x1fff2b48                LL_IRQHandler1
 .text.ll_patch_slave
                0x1fff2cac       0x4c ./build/./sdk/lib/rf/patch.o
                0x1fff2cac                ll_patch_slave
 *patch_ext_adv.o(.text.*)
 *rf_phy_driver.o(.text.*)
 .text.rf_phy_change_cfg0
                0x1fff2cf8       0xd8 ./build/./sdk/lib/ble_controller/rf_phy_driver.o
                0x1fff2cf8                rf_phy_change_cfg0
 .text.rc32k_calibration
                0x1fff2dd0       0x90 ./build/./sdk/lib/ble_controller/rf_phy_driver.o
                0x1fff2dd0                rc32k_calibration
 .text.rf_calibrate1
                0x1fff2e60       0x1c ./build/./sdk/lib/ble_controller/rf_phy_driver.o
                0x1fff2e60                rf_calibrate1
 *pwrmgr.o(.text .text.*)
 .text.hal_pwrmgr_init
                0x1fff2e7c       0x18 ./build/./sdk/components/driver/pwrmgr/pwrmgr.o
                0x1fff2e7c                hal_pwrmgr_init
 .text.hal_pwrmgr_lock
                0x1fff2e94       0x40 ./build/./sdk/components/driver/pwrmgr/pwrmgr.o
                0x1fff2e94                hal_pwrmgr_lock
 .text.hal_pwrmgr_unlock
                0x1fff2ed4       0x48 ./build/./sdk/components/driver/pwrmgr/pwrmgr.o
                0x1fff2ed4                hal_pwrmgr_unlock
 .text.hal_pwrmgr_register
                0x1fff2f1c       0x4c ./build/./sdk/components/driver/pwrmgr/pwrmgr.o
                0x1fff2f1c                hal_pwrmgr_register
 .text.hal_pwrmgr_wakeup_process
                0x1fff2f68      0x154 ./build/./sdk/components/driver/pwrmgr/pwrmgr.o
                0x1fff2f68                hal_pwrmgr_wakeup_process
 .text.hal_pwrmgr_RAM_retention
                0x1fff30bc       0x28 ./build/./sdk/components/driver/pwrmgr/pwrmgr.o
                0x1fff30bc                hal_pwrmgr_RAM_retention
 .text.hal_pwrmgr_RAM_retention_set
                0x1fff30e4       0x24 ./build/./sdk/components/driver/pwrmgr/pwrmgr.o
                0x1fff30e4                hal_pwrmgr_RAM_retention_set
 .text.hal_pwrmgr_sleep_process
                0x1fff3108       0x3c ./build/./sdk/components/driver/pwrmgr/pwrmgr.o
                0x1fff3108                hal_pwrmgr_sleep_process
 *timer.o(.text .text.*)
 *flash.o(.text .text.*)
 .text._spif_read_status_reg_x
                0x1fff3144       0x4c ./build/./sdk/components/driver/flash/flash.o
 .text._spif_wait_nobusy_x.constprop.0
                0x1fff3190       0x34 ./build/./sdk/components/driver/flash/flash.o
 .text.hal_cache_tag_flush
                0x1fff31c4       0x50 ./build/./sdk/components/driver/flash/flash.o
                0x1fff31c4                hal_cache_tag_flush
 .text.hal_get_flash_info
                0x1fff3214       0xc8 ./build/./sdk/components/driver/flash/flash.o
                0x1fff3214                hal_get_flash_info
 .text.hw_spif_cache_config
                0x1fff32dc       0x98 ./build/./sdk/components/driver/flash/flash.o
 .text.hal_spif_cache_init
                0x1fff3374       0x24 ./build/./sdk/components/driver/flash/flash.o
                0x1fff3374                hal_spif_cache_init
 *clock.o(.text.*)
 .text.hal_clk_gate_enable
                0x1fff3398       0x40 ./build/./sdk/components/driver/clock/clock.o
                0x1fff3398                hal_clk_gate_enable
 .text.hal_clk_gate_disable
                0x1fff33d8       0x40 ./build/./sdk/components/driver/clock/clock.o
                0x1fff33d8                hal_clk_gate_disable
 .text.hal_clk_reset
                0x1fff3418       0x6c ./build/./sdk/components/driver/clock/clock.o
                0x1fff3418                hal_clk_reset
 .text.hal_rtc_clock_config
                0x1fff3484       0x7c ./build/./sdk/components/driver/clock/clock.o
                0x1fff3484                hal_rtc_clock_config
 .text.hal_systick
                0x1fff3500        0xc ./build/./sdk/components/driver/clock/clock.o
                0x1fff3500                hal_systick
 .text.hal_ms_intv
                0x1fff350c       0x28 ./build/./sdk/components/driver/clock/clock.o
                0x1fff350c                hal_ms_intv
 .text.WaitMs   0x1fff3534       0x12 ./build/./sdk/components/driver/clock/clock.o
                0x1fff3534                WaitMs
 *fill*         0x1fff3546        0x2 
 .text.hal_rc32k_clk_tracking_init
                0x1fff3548       0x28 ./build/./sdk/components/driver/clock/clock.o
                0x1fff3548                hal_rc32k_clk_tracking_init
 *phy_sec_ext.o(.text .text.*)
 .text.efuse_init
                0x1fff3570       0x1c ./build/./sdk/lib/sec/phy_sec_ext.o
                0x1fff3570                efuse_init
 *libgcc.a:*.o(.text .text.*)
 .text          0x1fff358c       0x14 C:/Program Files (x86)/Arm GNU Toolchain arm-none-eabi/13.3 rel1/bin/../lib/gcc/arm-none-eabi/13.3.1/thumb/v6-m/nofp\libgcc.a(_thumb1_case_uqi.o)
                0x1fff358c                __gnu_thumb1_case_uqi
 .text          0x1fff35a0       0x14 C:/Program Files (x86)/Arm GNU Toolchain arm-none-eabi/13.3 rel1/bin/../lib/gcc/arm-none-eabi/13.3.1/thumb/v6-m/nofp\libgcc.a(_thumb1_case_shi.o)
                0x1fff35a0                __gnu_thumb1_case_shi
 *fill*         0x1fff35b4        0x4 
 .text.__stub   0x1fff35b8      0x500 linker stubs
                0x1fff3ab8                        _etextram = ABSOLUTE (.)

.vfp11_veneer   0x1fff3ab8        0x0
 .vfp11_veneer  0x1fff3ab8        0x0 linker stubs

.v4_bx          0x1fff3ab8        0x0
 .v4_bx         0x1fff3ab8        0x0 linker stubs

.iplt           0x1fff3ab8        0x0
 .iplt          0x1fff3ab8        0x0 ./build/source/app/app.o

.data           0x1fff3ab8       0x3c
 *(.data .data.*)
 .data.player_paddle_dir
                0x1fff3ab8        0x4 ./build/source/app/app.o
 .data.ai_paddle_y
                0x1fff3abc        0x4 ./build/source/app/app.o
 .data.player_paddle_y
                0x1fff3ac0        0x4 ./build/source/app/app.o
 .data.ball_vy  0x1fff3ac4        0x4 ./build/source/app/app.o
 .data.ball_vx  0x1fff3ac8        0x4 ./build/source/app/app.o
 .data.ball_y   0x1fff3acc        0x4 ./build/source/app/app.o
 .data.ball_x   0x1fff3ad0        0x4 ./build/source/app/app.o
 .data._wrap    0x1fff3ad4        0x1 ./build/source/display/gfx.o
 .data._text_size
                0x1fff3ad5        0x1 ./build/source/display/gfx.o
 .data._text_color
                0x1fff3ad6        0x2 ./build/source/display/gfx.o
 .data.phy_flash
                0x1fff3ad8        0xc ./build/./sdk/components/driver/flash/flash.o
                0x1fff3ad8                phy_flash
 .data.s_xflashCtx
                0x1fff3ae4        0x8 ./build/./sdk/components/driver/flash/flash.o
 .data.s_config_swClk1
                0x1fff3aec        0x4 ./build/./sdk/components/driver/pwrmgr/pwrmgr.o
                0x1fff3aec                s_config_swClk1
 .data.s_config_swClk0
                0x1fff3af0        0x4 ./build/./sdk/components/driver/pwrmgr/pwrmgr.o
 *(.gnu.linkonce.d.*)

.igot.plt       0x1fff3af4        0x0
 .igot.plt      0x1fff3af4        0x0 ./build/source/app/app.o
                0x1fff3af4                        . = ALIGN (0x4)
                0x1fff3af4                        _edata = ABSOLUTE (.)

.bss            0x1fff3af4     0x8328
                0x1fff3af4                        _sbss = ABSOLUTE (.)
 *(.bss .bss.*)
 .bss.direction_toggle
                0x1fff3af4        0x4 ./build/source/app/app.o
 .bss.flash_counter
                0x1fff3af8        0x4 ./build/source/app/app.o
 .bss.reset_in_progress
                0x1fff3afc        0x1 ./build/source/app/app.o
 *fill*         0x1fff3afd        0x1 
 .bss.buffer.4  0x1fff3afe     0x8000 ./build/source/display/display.o
 .bss.rotation  0x1fffbafe        0x1 ./build/source/display/display.o
 *fill*         0x1fffbaff        0x1 
 .bss._height   0x1fffbb00        0x2 ./build/source/display/display.o
 .bss._width    0x1fffbb02        0x2 ./build/source/display/display.o
 .bss._rowstart
                0x1fffbb04        0x1 ./build/source/display/display.o
 .bss._colstart
                0x1fffbb05        0x1 ./build/source/display/display.o
 .bss.tabcolor  0x1fffbb06        0x1 ./build/source/display/display.o
 .bss.s_spi     0x1fffbb07        0x1 ./build/source/display/display.o
 .bss._cursor_y
                0x1fffbb08        0x2 ./build/source/display/gfx.o
 .bss._cursor_x
                0x1fffbb0a        0x2 ./build/source/display/gfx.o
 .bss._text_bg_color
                0x1fffbb0c        0x2 ./build/source/display/gfx.o
 *fill*         0x1fffbb0e        0x2 
 .bss._font     0x1fffbb10        0x4 ./build/source/display/gfx.o
 .bss.HEIGHT    0x1fffbb14        0x2 ./build/source/display/gfx.o
 .bss.WIDTH     0x1fffbb16        0x2 ./build/source/display/gfx.o
 .bss._height   0x1fffbb18        0x2 ./build/source/display/gfx.o
 .bss._width    0x1fffbb1a        0x2 ./build/source/display/gfx.o
 .bss.g_clk32K_config
                0x1fffbb1c        0x1 ./build/source/main.o
                0x1fffbb1c                g_clk32K_config
 *fill*         0x1fffbb1d        0x3 
 .bss.tasksEvents
                0x1fffbb20        0x4 ./build/source/osal/osal_tasks.o
                0x1fffbb20                tasksEvents
 .bss.g_lastSlaveLatency
                0x1fffbb24        0x2 ./build/./sdk/lib/rf/patch.o
                0x1fffbb24                g_lastSlaveLatency
 *fill*         0x1fffbb26        0x2 
 .bss.g_t_llhwgo
                0x1fffbb28        0x4 ./build/./sdk/lib/rf/patch.o
                0x1fffbb28                g_t_llhwgo
 .bss.CreateConn_Flag
                0x1fffbb2c        0x1 ./build/./sdk/lib/rf/patch.o
                0x1fffbb2c                CreateConn_Flag
 *fill*         0x1fffbb2d        0x3 
 .bss.pGlobal_config
                0x1fffbb30        0x4 ./build/./sdk/lib/rf/patch.o
                0x1fffbb30                pGlobal_config
 .bss.g_sarDbgCnt
                0x1fffbb34       0x34 ./build/./sdk/lib/ble_host/l2cap_util.o
                0x1fffbb34                g_sarDbgCnt
 .bss.l2capSegmentPkt
                0x1fffbb68       0x5c ./build/./sdk/lib/ble_host/l2cap_util.o
                0x1fffbb68                l2capSegmentPkt
 .bss.m_gpioCtx
                0x1fffbbc4      0x130 ./build/./sdk/components/driver/gpio/gpio.o
 .bss.m_spiCtx  0x1fffbcf4       0x60 ./build/./sdk/components/driver/spi/spi.o
 .bss.s_gpio_wakeup_src_group2
                0x1fffbd54        0x4 ./build/./sdk/components/driver/pwrmgr/pwrmgr.o
                0x1fffbd54                s_gpio_wakeup_src_group2
 .bss.s_gpio_wakeup_src_group1
                0x1fffbd58        0x4 ./build/./sdk/components/driver/pwrmgr/pwrmgr.o
                0x1fffbd58                s_gpio_wakeup_src_group1
 .bss.s_pwrmgr_cfg
                0x1fffbd5c        0x1 ./build/./sdk/components/driver/pwrmgr/pwrmgr.o
 *fill*         0x1fffbd5d        0x3 
 .bss.mCtx      0x1fffbd60       0x78 ./build/./sdk/components/driver/pwrmgr/pwrmgr.o
 .bss.m_uartCtx
                0x1fffbdd8       0x40 ./build/./sdk/components/driver/uart/uart.o
 .bss.trap_c_callback
                0x1fffbe18        0x4 ./build/./sdk/misc/jump_table.o
                0x1fffbe18                trap_c_callback
 *(.gnu.linkonce.b.*)
 *(COMMON)
                0x1fffbe1c                        . = ALIGN (0x4)
                0x1fffbe1c                        _ebss = ABSOLUTE (.)

.irq_stack      0x1fffbe20      0x400
 *(g_irqstack_base)
 .irq_stack     0x1fffbe20      0x400 ./build/./sdk/misc/CMSIS/device/phyplus/phy6222_start.o
                0x1fffbe20                g_irqstack_base
                0x1fffc220                g_irqstack_top
                0x20000000                        g_stack = (ORIGIN (sram) + LENGTH (sram))

.xip            0x11010100     0x2b10
                0x11010100                        _stext = ABSOLUTE (.)
 *.o(_func_xip_code_)
 *.o(_section_xip_code_)
 _section_xip_code_
                0x11010100      0x2fc ./build/./sdk/lib/rf/patch.o
                0x11010100                init_config
 *(.text .text.*)
 .text.posedge_callback_wakeup
                0x110103fc       0x10 ./build/source/app/app.o
                0x110103fc                posedge_callback_wakeup
 .text.start_ball_reset
                0x1101040c       0x6c ./build/source/app/app.o
                0x1101040c                start_ball_reset
 .text.update_ball_reset
                0x11010478       0x6c ./build/source/app/app.o
                0x11010478                update_ball_reset
 .text.update_ball
                0x110104e4       0xd8 ./build/source/app/app.o
                0x110104e4                update_ball
 .text.update_paddles
                0x110105bc       0xac ./build/source/app/app.o
                0x110105bc                update_paddles
 .text.app_init
                0x11010668       0x9c ./build/source/app/app.o
                0x11010668                app_init
 .text.app_update
                0x11010704       0x12 ./build/source/app/app.o
                0x11010704                app_update
 *fill*         0x11010716        0x2 
 .text.ST7735_Data
                0x11010718       0x24 ./build/source/display/display.o
 .text.ST7735_Command
                0x1101073c       0x1c ./build/source/display/display.o
 .text.ST7735_ExecuteCommandList
                0x11010758       0x54 ./build/source/display/display.o
 .text.display_set_addr_window
                0x110107ac       0x64 ./build/source/display/display.o
                0x110107ac                display_set_addr_window
 .text.display_fill_window
                0x11010810       0x2c ./build/source/display/display.o
                0x11010810                display_fill_window
 .text.display_set_rotation
                0x1101083c       0x68 ./build/source/display/display.o
                0x1101083c                display_set_rotation
 .text.display_fill_screen
                0x110108a4       0x74 ./build/source/display/display.o
                0x110108a4                display_fill_screen
 .text.display_draw_pixel
                0x11010918       0x4c ./build/source/display/display.o
                0x11010918                display_draw_pixel
 .text.backlight_turn_on
                0x11010964        0xc ./build/source/display/display.o
                0x11010964                backlight_turn_on
 .text.display_init
                0x11010970       0xdc ./build/source/display/display.o
                0x11010970                display_init
 .text.gfx_set_font
                0x11010a4c        0xc ./build/source/display/gfx.o
                0x11010a4c                gfx_set_font
 .text.gfx_set_text_size
                0x11010a58       0x10 ./build/source/display/gfx.o
                0x11010a58                gfx_set_text_size
 .text.gfx_set_text_color
                0x11010a68       0x14 ./build/source/display/gfx.o
                0x11010a68                gfx_set_text_color
 .text.gfx_set_text_wrap
                0x11010a7c        0xc ./build/source/display/gfx.o
                0x11010a7c                gfx_set_text_wrap
 .text.gfx_set_cursor
                0x11010a88       0x14 ./build/source/display/gfx.o
                0x11010a88                gfx_set_cursor
 .text.gfx_init
                0x11010a9c       0x28 ./build/source/display/gfx.o
                0x11010a9c                gfx_init
 .text.gfx_draw_pixel
                0x11010ac4       0x2c ./build/source/display/gfx.o
                0x11010ac4                gfx_draw_pixel
 .text.gfx_draw_fast_v_line
                0x11010af0       0x98 ./build/source/display/gfx.o
                0x11010af0                gfx_draw_fast_v_line
 .text.gfx_draw_fast_h_line
                0x11010b88       0x98 ./build/source/display/gfx.o
                0x11010b88                gfx_draw_fast_h_line
 .text.gfx_fill_rect
                0x11010c20       0xcc ./build/source/display/gfx.o
                0x11010c20                gfx_fill_rect
 .text.gfx_draw_char
                0x11010cec      0x144 ./build/source/display/gfx.o
                0x11010cec                gfx_draw_char
 .text.gfx_write_char
                0x11010e30       0x9c ./build/source/display/gfx.o
                0x11010e30                gfx_write_char
 .text.gfx_print
                0x11010ecc       0x14 ./build/source/display/gfx.o
                0x11010ecc                gfx_print
 .text.gfx_fill_circle_helper
                0x11010ee0      0x114 ./build/source/display/gfx.o
                0x11010ee0                gfx_fill_circle_helper
 .text.gfx_fill_circle
                0x11010ff4       0x2e ./build/source/display/gfx.o
                0x11010ff4                gfx_fill_circle
 *fill*         0x11011022        0x2 
 .text.startup.main
                0x11011024      0x14c ./build/source/main.o
                0x11011024                main
 .text.app_osal_init
                0x11011170        0xe ./build/source/osal/osal_init.o
                0x11011170                app_osal_init
 *fill*         0x1101117e        0x2 
 .text.osalInitTasks
                0x11011180       0x30 ./build/source/osal/osal_tasks.o
                0x11011180                osalInitTasks
 .text.device_init
                0x110111b0       0x20 ./build/source/utils/utils.o
                0x110111b0                device_init
 .text.hal_gpioin_event_pin
                0x110111d0       0x2c ./build/./sdk/components/driver/gpio/gpio.o
 .text.hal_gpio_interrupt_enable.isra.0
                0x110111fc       0x30 ./build/./sdk/components/driver/gpio/gpio.o
 .text.hal_GPIO_IRQHandler
                0x1101122c       0x64 ./build/./sdk/components/driver/gpio/gpio.o
                0x1101122c                hal_GPIO_IRQHandler
 .text.hal_gpio_read
                0x11011290       0x20 ./build/./sdk/components/driver/gpio/gpio.o
                0x11011290                hal_gpio_read
 .text.hal_gpio_fmux
                0x110112b0       0x20 ./build/./sdk/components/driver/gpio/gpio.o
                0x110112b0                hal_gpio_fmux
 .text.hal_gpio_pull_set
                0x110112d0       0x50 ./build/./sdk/components/driver/gpio/gpio.o
                0x110112d0                hal_gpio_pull_set
 .text.hal_gpio_cfg_analog_io
                0x11011320       0x34 ./build/./sdk/components/driver/gpio/gpio.o
                0x11011320                hal_gpio_cfg_analog_io
 .text.hal_gpio_wakeup_set
                0x11011354       0xa4 ./build/./sdk/components/driver/gpio/gpio.o
                0x11011354                hal_gpio_wakeup_set
 .text.hal_gpio_sleep_handler
                0x110113f8       0x84 ./build/./sdk/components/driver/gpio/gpio.o
 .text.hal_gpio_pin2pin3_control
                0x1101147c       0x20 ./build/./sdk/components/driver/gpio/gpio.o
                0x1101147c                hal_gpio_pin2pin3_control
 .text.hal_gpio_pin_init
                0x1101149c       0x5c ./build/./sdk/components/driver/gpio/gpio.o
                0x1101149c                hal_gpio_pin_init
 .text.hal_gpio_write
                0x110114f8       0x28 ./build/./sdk/components/driver/gpio/gpio.o
                0x110114f8                hal_gpio_write
 .text.hal_gpioin_disable
                0x11011520       0x44 ./build/./sdk/components/driver/gpio/gpio.o
                0x11011520                hal_gpioin_disable
 .text.hal_gpio_fmux_set
                0x11011564       0x38 ./build/./sdk/components/driver/gpio/gpio.o
                0x11011564                hal_gpio_fmux_set
 .text.hal_gpioin_enable
                0x1101159c       0x5c ./build/./sdk/components/driver/gpio/gpio.o
                0x1101159c                hal_gpioin_enable
 .text.hal_gpio_wakeup_handler
                0x110115f8       0xc8 ./build/./sdk/components/driver/gpio/gpio.o
 .text.hal_gpioretention_register
                0x110116c0       0x24 ./build/./sdk/components/driver/gpio/gpio.o
                0x110116c0                hal_gpioretention_register
 .text.hal_gpioin_register
                0x110116e4       0x44 ./build/./sdk/components/driver/gpio/gpio.o
                0x110116e4                hal_gpioin_register
 .text.hal_gpio_init
                0x11011728       0x68 ./build/./sdk/components/driver/gpio/gpio.o
                0x11011728                hal_gpio_init
 .text.spis_int_handle
                0x11011790       0xf8 ./build/./sdk/components/driver/spi/spi.o
 .text.spi_int_handle
                0x11011888       0xcc ./build/./sdk/components/driver/spi/spi.o
 .text.hal_spi_write_fifo
                0x11011954       0x48 ./build/./sdk/components/driver/spi/spi.o
 .text.hal_SPI0_IRQHandler
                0x1101199c       0x28 ./build/./sdk/components/driver/spi/spi.o
                0x1101199c                hal_SPI0_IRQHandler
 .text.hal_SPI1_IRQHandler
                0x110119c4       0x30 ./build/./sdk/components/driver/spi/spi.o
                0x110119c4                hal_SPI1_IRQHandler
 .text.hal_spi_pin_init.isra.0
                0x110119f4       0x50 ./build/./sdk/components/driver/spi/spi.o
 .text.spi_int_disable.isra.0
                0x11011a44       0x28 ./build/./sdk/components/driver/spi/spi.o
 .text.spi_int_enable
                0x11011a6c       0x94 ./build/./sdk/components/driver/spi/spi.o
                0x11011a6c                spi_int_enable
 .text.hal_spi_tmod_set
                0x11011b00       0x2c ./build/./sdk/components/driver/spi/spi.o
                0x11011b00                hal_spi_tmod_set
 .text.hal_spi_dfs_set
                0x11011b2c       0x38 ./build/./sdk/components/driver/spi/spi.o
                0x11011b2c                hal_spi_dfs_set
 .text.hal_spi_transmit
                0x11011b64      0x3d4 ./build/./sdk/components/driver/spi/spi.o
                0x11011b64                hal_spi_transmit
 .text.hal_spi_send_byte
                0x11011f38       0x7c ./build/./sdk/components/driver/spi/spi.o
                0x11011f38                hal_spi_send_byte
 .text.hal_spi_bus_init
                0x11011fb4      0x140 ./build/./sdk/components/driver/spi/spi.o
                0x11011fb4                hal_spi_bus_init
 .text.uart_hw_deinit.isra.0
                0x110120f4       0x7c ./build/./sdk/components/driver/uart/uart.o
 .text.uart_hw_init.isra.0
                0x11012170      0x150 ./build/./sdk/components/driver/uart/uart.o
 .text.uart_wakeup_process_0
                0x110122c0        0xa ./build/./sdk/components/driver/uart/uart.o
 .text.uart_wakeup_process_1
                0x110122ca        0xa ./build/./sdk/components/driver/uart/uart.o
 .text.hal_uart_init
                0x110122d4       0x78 ./build/./sdk/components/driver/uart/uart.o
                0x110122d4                hal_uart_init
 .text.hal_uart_send_buff
                0x1101234c      0x154 ./build/./sdk/components/driver/uart/uart.o
                0x1101234c                hal_uart_send_buff
 .text._uart_putc
                0x110124a0        0xe ./build/./sdk/components/driver/log/my_printf.o
 *fill*         0x110124ae        0x2 
 .text.number.constprop.0
                0x110124b0      0x198 ./build/./sdk/components/driver/log/my_printf.o
 .text.dbg_printf
                0x11012648      0x2b4 ./build/./sdk/components/driver/log/my_printf.o
                0x11012648                dbg_printf
 .text.dbg_printf_init
                0x110128fc       0x28 ./build/./sdk/components/driver/log/my_printf.o
                0x110128fc                dbg_printf_init
 .text._hard_fault
                0x11012924       0x54 ./build/./sdk/misc/jump_table.o
                0x11012924                _hard_fault
 .text.hard_fault
                0x11012978        0xc ./build/./sdk/misc/jump_table.o
                0x11012978                hard_fault
 .text.c_start  0x11012984       0x1c ./build/./sdk/misc/CMSIS/device/phyplus/phy6222_cstart.o
                0x11012984                c_start
 .text.c_start.__stub
                0x110129a0      0x270 linker stubs
                0x11012c10                        _etext = ABSOLUTE (.)

.rodata         0x11012c10      0x938
 *(.rodata .rodata.*)
 .rodata.app_init.str1.1
                0x11012c10      0x150 ./build/source/app/app.o
                                  0xa (size before relaxing)
 .rodata.Rcmd3.0
                0x11012d60       0x2b ./build/source/display/display.o
 .rodata.Rcmd2green.2
                0x11012d8b        0xd ./build/source/display/display.o
 .rodata.Rcmd1.3
                0x11012d98       0x3b ./build/source/display/display.o
 *fill*         0x11012dd3        0x1 
 .rodata        0x11012dd4       0x14 ./build/source/display/display.o
 .rodata.FreeMono9pt7b
                0x11012de8        0xc ./build/source/fonts/FreeMono9pt7b.o
                0x11012de8                FreeMono9pt7b
 .rodata.FreeMono9pt7bGlyphs
                0x11012df4      0x2f8 ./build/source/fonts/FreeMono9pt7b.o
                0x11012df4                FreeMono9pt7bGlyphs
 .rodata.FreeMono9pt7bBitmaps
                0x110130ec      0x34c ./build/source/fonts/FreeMono9pt7b.o
                0x110130ec                FreeMono9pt7bBitmaps
 .rodata        0x11013438       0x42 ./build/source/main.o
 .rodata.tasksCnt
                0x1101347a        0x1 ./build/source/osal/osal_tasks.o
                0x1101347a                tasksCnt
 *fill*         0x1101347b        0x1 
 .rodata.tasksArr
                0x1101347c        0x8 ./build/source/osal/osal_tasks.o
                0x1101347c                tasksArr
 .rodata.ll_generateTxBuffer1.str1.1
                0x11013484       0x5e ./build/./sdk/lib/rf/patch.o
 .rodata.retention_reg
                0x11013484       0x2e ./build/./sdk/components/driver/gpio/gpio.o
                0x11013484                retention_reg
 .rodata.c_gpio_pull
                0x110134b2       0x45 ./build/./sdk/components/driver/gpio/gpio.o
                0x110134b2                c_gpio_pull
 .rodata.c_gpio_index
                0x110134f7       0x17 ./build/./sdk/components/driver/gpio/gpio.o
                0x110134f7                c_gpio_index
 .rodata.hal_spi_transmit.str1.1
                0x1101350e       0x24 ./build/./sdk/components/driver/spi/spi.o
 .rodata.hal_spi_send_byte.str1.1
                0x1101350e       0x21 ./build/./sdk/components/driver/spi/spi.o
 .rodata.hal_spi_bus_init.cst2
                0x1101350e        0x2 ./build/./sdk/components/driver/spi/spi.o
 .rodata.__FUNCTION__.0
                0x11013510       0x12 ./build/./sdk/components/driver/spi/spi.o
 .rodata.__FUNCTION__.2
                0x11013522       0x15 ./build/./sdk/components/driver/spi/spi.o
 .rodata.number.constprop.0.str1.1
                0x11013537       0x4a ./build/./sdk/components/driver/log/my_printf.o
 .rodata.dbg_printf.str1.1
                0x11013537        0x7 ./build/./sdk/components/driver/log/my_printf.o
 *fill*         0x11013537        0x1 
 .rodata        0x11013538       0x10 ./build/./sdk/components/driver/log/my_printf.o
 .rodata._hard_fault.str1.1
                0x11013548       0x52 ./build/./sdk/misc/jump_table.o
 *(.fixup)
 *(.gnu.warning)
 *(.rodata .rodata.*)
 *(.gnu.linkonce.t.*)
 *(.glue_7)
 .glue_7        0x11013548        0x0 linker stubs
 *(.glue_7t)
 .glue_7t       0x11013548        0x0 linker stubs
 *(.got)
 *(.gcc_except_table)
 *(.gnu.linkonce.r.*)

.rel.dyn        0x11013548        0x0
 .rel.iplt      0x11013548        0x0 ./build/source/app/app.o

.init_section   0x11013548        0x0
                0x11013548                        _sinit = ABSOLUTE (.)
 *(.init_array .init_array.*)
                0x11013548                        _einit = ABSOLUTE (.)

.ARM.extab
 *(.ARM.extab*)

.ARM.exidx      0x11013548        0x0
                0x11013548                        __exidx_start = ABSOLUTE (.)
 *(.ARM.exidx*)
                0x11013548                        __exidx_end = ABSOLUTE (.)

._sjtblsstore   0x11013548        0x0
                0x11013548                        _sjtblss = ABSOLUTE (.)

.stab
 *(.stab)

.stabstr
 *(.stabstr)

.stab.excl
 *(.stab.excl)

.stab.exclstr
 *(.stab.exclstr)

.stab.index
 *(.stab.index)

.stab.indexstr
 *(.stab.indexstr)

.comment        0x00000000       0x45
 *(.comment)
 .comment       0x00000000       0x45 ./build/source/app/app.o
                                 0x46 (size before relaxing)
 .comment       0x00000045       0x46 ./build/source/display/display.o
 .comment       0x00000045       0x46 ./build/source/display/gfx.o
 .comment       0x00000045       0x46 ./build/source/fonts/FreeMono9pt7b.o
 .comment       0x00000045       0x46 ./build/source/main.o
 .comment       0x00000045       0x46 ./build/source/osal/osal_init.o
 .comment       0x00000045       0x46 ./build/source/osal/osal_tasks.o
 .comment       0x00000045       0x46 ./build/source/utils/utils.o
 .comment       0x00000045       0x46 ./build/./sdk/lib/rf/patch.o
 .comment       0x00000045       0x46 ./build/./sdk/lib/sec/phy_sec_ext.o
 .comment       0x00000045       0x46 ./build/./sdk/lib/ble_host/l2cap_util.o
 .comment       0x00000045       0x46 ./build/./sdk/lib/ble_controller/rf_phy_driver.o
 .comment       0x00000045       0x46 ./build/./sdk/components/driver/clock/clock.o
 .comment       0x00000045       0x46 ./build/./sdk/components/driver/flash/flash.o
 .comment       0x00000045       0x46 ./build/./sdk/components/driver/gpio/gpio.o
 .comment       0x00000045       0x46 ./build/./sdk/components/driver/spi/spi.o
 .comment       0x00000045       0x46 ./build/./sdk/components/driver/pwrmgr/pwrmgr.o
 .comment       0x00000045       0x46 ./build/./sdk/components/driver/uart/uart.o
 .comment       0x00000045       0x46 ./build/./sdk/components/driver/log/my_printf.o
 .comment       0x00000045       0x46 ./build/./sdk/misc/jump_table.o
 .comment       0x00000045       0x46 ./build/./sdk/misc/CMSIS/device/phyplus/phy6222_cstart.o
 .comment       0x00000045       0x46 ./build/./sdk/misc/CMSIS/device/phyplus/phy6222_vectors.o

.ARM.attributes
                0x00000000       0x2a
 .ARM.attributes
                0x00000000       0x2c ./build/source/app/app.o
 .ARM.attributes
                0x0000002c       0x2c ./build/source/display/display.o
 .ARM.attributes
                0x00000058       0x2c ./build/source/display/gfx.o
 .ARM.attributes
                0x00000084       0x2c ./build/source/fonts/FreeMono9pt7b.o
 .ARM.attributes
                0x000000b0       0x2c ./build/source/main.o
 .ARM.attributes
                0x000000dc       0x2c ./build/source/osal/osal_init.o
 .ARM.attributes
                0x00000108       0x2c ./build/source/osal/osal_tasks.o
 .ARM.attributes
                0x00000134       0x2c ./build/source/utils/utils.o
 .ARM.attributes
                0x00000160       0x2c ./build/./sdk/lib/rf/patch.o
 .ARM.attributes
                0x0000018c       0x2c ./build/./sdk/lib/sec/phy_sec_ext.o
 .ARM.attributes
                0x000001b8       0x2c ./build/./sdk/lib/ble_host/l2cap_util.o
 .ARM.attributes
                0x000001e4       0x2c ./build/./sdk/lib/ble_controller/rf_phy_driver.o
 .ARM.attributes
                0x00000210       0x2c ./build/./sdk/components/driver/clock/clock.o
 .ARM.attributes
                0x0000023c       0x2c ./build/./sdk/components/driver/flash/flash.o
 .ARM.attributes
                0x00000268       0x2c ./build/./sdk/components/driver/gpio/gpio.o
 .ARM.attributes
                0x00000294       0x2c ./build/./sdk/components/driver/spi/spi.o
 .ARM.attributes
                0x000002c0       0x2c ./build/./sdk/components/driver/pwrmgr/pwrmgr.o
 .ARM.attributes
                0x000002ec       0x2c ./build/./sdk/components/driver/uart/uart.o
 .ARM.attributes
                0x00000318       0x2c ./build/./sdk/components/driver/log/my_printf.o
 .ARM.attributes
                0x00000344       0x2c ./build/./sdk/misc/jump_table.o
 .ARM.attributes
                0x00000370       0x2c ./build/./sdk/misc/CMSIS/device/phyplus/phy6222_cstart.o
 .ARM.attributes
                0x0000039c       0x2c ./build/./sdk/misc/CMSIS/device/phyplus/phy6222_vectors.o
 .ARM.attributes
                0x000003c8       0x1c ./build/./sdk/misc/CMSIS/device/phyplus/phy6222_start.o
 .ARM.attributes
                0x000003e4       0x1e C:/Program Files (x86)/Arm GNU Toolchain arm-none-eabi/13.3 rel1/bin/../lib/gcc/arm-none-eabi/13.3.1/thumb/v6-m/nofp\libgcc.a(_thumb1_case_uqi.o)
 .ARM.attributes
                0x00000402       0x1e C:/Program Files (x86)/Arm GNU Toolchain arm-none-eabi/13.3 rel1/bin/../lib/gcc/arm-none-eabi/13.3.1/thumb/v6-m/nofp\libgcc.a(_thumb1_case_shi.o)

.debug_abbrev   0x00000000     0x45ef
 *(.debug_abbrev)
 .debug_abbrev  0x00000000      0x20d ./build/source/app/app.o
 .debug_abbrev  0x0000020d      0x32b ./build/source/display/display.o
 .debug_abbrev  0x00000538      0x37b ./build/source/display/gfx.o
 .debug_abbrev  0x000008b3       0xc0 ./build/source/fonts/FreeMono9pt7b.o
 .debug_abbrev  0x00000973      0x32a ./build/source/main.o
 .debug_abbrev  0x00000c9d       0xb5 ./build/source/osal/osal_init.o
 .debug_abbrev  0x00000d52      0x189 ./build/source/osal/osal_tasks.o
 .debug_abbrev  0x00000edb      0x119 ./build/source/utils/utils.o
 .debug_abbrev  0x00000ff4      0x7df ./build/./sdk/lib/rf/patch.o
 .debug_abbrev  0x000017d3      0x25a ./build/./sdk/lib/sec/phy_sec_ext.o
 .debug_abbrev  0x00001a2d      0x5c0 ./build/./sdk/lib/ble_host/l2cap_util.o
 .debug_abbrev  0x00001fed      0x4be ./build/./sdk/lib/ble_controller/rf_phy_driver.o
 .debug_abbrev  0x000024ab      0x21b ./build/./sdk/components/driver/clock/clock.o
 .debug_abbrev  0x000026c6      0x44a ./build/./sdk/components/driver/flash/flash.o
 .debug_abbrev  0x00002b10      0x571 ./build/./sdk/components/driver/gpio/gpio.o
 .debug_abbrev  0x00003081      0x584 ./build/./sdk/components/driver/spi/spi.o
 .debug_abbrev  0x00003605      0x4b7 ./build/./sdk/components/driver/pwrmgr/pwrmgr.o
 .debug_abbrev  0x00003abc      0x51c ./build/./sdk/components/driver/uart/uart.o
 .debug_abbrev  0x00003fd8      0x2d8 ./build/./sdk/components/driver/log/my_printf.o
 .debug_abbrev  0x000042b0      0x1b4 ./build/./sdk/misc/jump_table.o
 .debug_abbrev  0x00004464       0xf4 ./build/./sdk/misc/CMSIS/device/phyplus/phy6222_cstart.o
 .debug_abbrev  0x00004558       0x6f ./build/./sdk/misc/CMSIS/device/phyplus/phy6222_vectors.o
 .debug_abbrev  0x000045c7       0x28 ./build/./sdk/misc/CMSIS/device/phyplus/phy6222_start.o

.debug_info     0x00000000    0x1c314
 *(.debug_info)
 .debug_info    0x00000000      0x8b0 ./build/source/app/app.o
 .debug_info    0x000008b0     0x1027 ./build/source/display/display.o
 .debug_info    0x000018d7     0x227b ./build/source/display/gfx.o
 .debug_info    0x00003b52      0x220 ./build/source/fonts/FreeMono9pt7b.o
 .debug_info    0x00003d72      0x9d4 ./build/source/main.o
 .debug_info    0x00004746       0xe9 ./build/source/osal/osal_init.o
 .debug_info    0x0000482f      0x28e ./build/source/osal/osal_tasks.o
 .debug_info    0x00004abd      0x3f2 ./build/source/utils/utils.o
 .debug_info    0x00004eaf     0x7def ./build/./sdk/lib/rf/patch.o
 .debug_info    0x0000cc9e      0x4bf ./build/./sdk/lib/sec/phy_sec_ext.o
 .debug_info    0x0000d15d     0x309e ./build/./sdk/lib/ble_host/l2cap_util.o
 .debug_info    0x000101fb     0x1f67 ./build/./sdk/lib/ble_controller/rf_phy_driver.o
 .debug_info    0x00012162      0x9ba ./build/./sdk/components/driver/clock/clock.o
 .debug_info    0x00012b1c     0x192d ./build/./sdk/components/driver/flash/flash.o
 .debug_info    0x00014449     0x1c5f ./build/./sdk/components/driver/gpio/gpio.o
 .debug_info    0x000160a8     0x24c7 ./build/./sdk/components/driver/spi/spi.o
 .debug_info    0x0001856f     0x1632 ./build/./sdk/components/driver/pwrmgr/pwrmgr.o
 .debug_info    0x00019ba1     0x17ba ./build/./sdk/components/driver/uart/uart.o
 .debug_info    0x0001b35b      0xae1 ./build/./sdk/components/driver/log/my_printf.o
 .debug_info    0x0001be3c      0x2ea ./build/./sdk/misc/jump_table.o
 .debug_info    0x0001c126      0x153 ./build/./sdk/misc/CMSIS/device/phyplus/phy6222_cstart.o
 .debug_info    0x0001c279       0x6a ./build/./sdk/misc/CMSIS/device/phyplus/phy6222_vectors.o
 .debug_info    0x0001c2e3       0x31 ./build/./sdk/misc/CMSIS/device/phyplus/phy6222_start.o

.debug_line     0x00000000    0x15fdd
 *(.debug_line)
 .debug_line    0x00000000      0x855 ./build/source/app/app.o
 .debug_line    0x00000855      0x8bd ./build/source/display/display.o
 .debug_line    0x00001112     0x1964 ./build/source/display/gfx.o
 .debug_line    0x00002a76      0x4cb ./build/source/fonts/FreeMono9pt7b.o
 .debug_line    0x00002f41      0x7df ./build/source/main.o
 .debug_line    0x00003720      0x532 ./build/source/osal/osal_init.o
 .debug_line    0x00003c52      0x626 ./build/source/osal/osal_tasks.o
 .debug_line    0x00004278      0x498 ./build/source/utils/utils.o
 .debug_line    0x00004710     0x5c04 ./build/./sdk/lib/rf/patch.o
 .debug_line    0x0000a314      0x69d ./build/./sdk/lib/sec/phy_sec_ext.o
 .debug_line    0x0000a9b1     0x1721 ./build/./sdk/lib/ble_host/l2cap_util.o
 .debug_line    0x0000c0d2     0x2268 ./build/./sdk/lib/ble_controller/rf_phy_driver.o
 .debug_line    0x0000e33a      0x979 ./build/./sdk/components/driver/clock/clock.o
 .debug_line    0x0000ecb3     0x1339 ./build/./sdk/components/driver/flash/flash.o
 .debug_line    0x0000ffec     0x108a ./build/./sdk/components/driver/gpio/gpio.o
 .debug_line    0x00011076     0x1b32 ./build/./sdk/components/driver/spi/spi.o
 .debug_line    0x00012ba8     0x10f0 ./build/./sdk/components/driver/pwrmgr/pwrmgr.o
 .debug_line    0x00013c98      0xeb8 ./build/./sdk/components/driver/uart/uart.o
 .debug_line    0x00014b50      0xb12 ./build/./sdk/components/driver/log/my_printf.o
 .debug_line    0x00015662      0x5d4 ./build/./sdk/misc/jump_table.o
 .debug_line    0x00015c36      0x30b ./build/./sdk/misc/CMSIS/device/phyplus/phy6222_cstart.o
 .debug_line    0x00015f41       0x50 ./build/./sdk/misc/CMSIS/device/phyplus/phy6222_vectors.o
 .debug_line    0x00015f91       0x4c ./build/./sdk/misc/CMSIS/device/phyplus/phy6222_start.o

.debug_pubnames
 *(.debug_pubnames)

.debug_aranges  0x00000000      0xc70
 *(.debug_aranges)
 .debug_aranges
                0x00000000       0x50 ./build/source/app/app.o
 .debug_aranges
                0x00000050       0x78 ./build/source/display/display.o
 .debug_aranges
                0x000000c8      0x110 ./build/source/display/gfx.o
 .debug_aranges
                0x000001d8       0x18 ./build/source/fonts/FreeMono9pt7b.o
 .debug_aranges
                0x000001f0       0x20 ./build/source/main.o
 .debug_aranges
                0x00000210       0x20 ./build/source/osal/osal_init.o
 .debug_aranges
                0x00000230       0x20 ./build/source/osal/osal_tasks.o
 .debug_aranges
                0x00000250       0x30 ./build/source/utils/utils.o
 .debug_aranges
                0x00000280      0x258 ./build/./sdk/lib/rf/patch.o
 .debug_aranges
                0x000004d8       0x48 ./build/./sdk/lib/sec/phy_sec_ext.o
 .debug_aranges
                0x00000520      0x138 ./build/./sdk/lib/ble_host/l2cap_util.o
 .debug_aranges
                0x00000658      0x100 ./build/./sdk/lib/ble_controller/rf_phy_driver.o
 .debug_aranges
                0x00000758       0x88 ./build/./sdk/components/driver/clock/clock.o
 .debug_aranges
                0x000007e0       0xb8 ./build/./sdk/components/driver/flash/flash.o
 .debug_aranges
                0x00000898       0xd8 ./build/./sdk/components/driver/gpio/gpio.o
 .debug_aranges
                0x00000970      0x100 ./build/./sdk/components/driver/spi/spi.o
 .debug_aranges
                0x00000a70       0xb8 ./build/./sdk/components/driver/pwrmgr/pwrmgr.o
 .debug_aranges
                0x00000b28       0x88 ./build/./sdk/components/driver/uart/uart.o
 .debug_aranges
                0x00000bb0       0x40 ./build/./sdk/components/driver/log/my_printf.o
 .debug_aranges
                0x00000bf0       0x28 ./build/./sdk/misc/jump_table.o
 .debug_aranges
                0x00000c18       0x20 ./build/./sdk/misc/CMSIS/device/phyplus/phy6222_cstart.o
 .debug_aranges
                0x00000c38       0x18 ./build/./sdk/misc/CMSIS/device/phyplus/phy6222_vectors.o
 .debug_aranges
                0x00000c50       0x20 ./build/./sdk/misc/CMSIS/device/phyplus/phy6222_start.o
LOAD ./sdk/misc/bb_rom_sym_m0.gcc
                0x000000d5                        bx_to_application = 0xd5
                0x000001f9                        P256_mul64 = 0x1f9
                0x0000029d                        P256_mul128 = 0x29d
                0x0000032d                        P256_mulmod = 0x32d
                0x00000567                        P256_sqr64 = 0x567
                0x000005c5                        P256_sqr128 = 0x5c5
                0x00000641                        P256_sqrmod = 0x641
                0x00000735                        P256_addmod = 0x735
                0x00000791                        P256_submod = 0x791
                0x000007c3                        P256_load_1 = 0x7c3
                0x000007d7                        P256_to_montgomery = 0x7d7
                0x00000801                        P256_from_montgomery = 0x801
                0x0000081b                        P256_point_is_on_curve = 0x81b
                0x0000086d                        P256_greater_or_equal_than = 0x86d
                0x00000887                        P256_negate_mod_m_if = 0x887
                0x000008a9                        P256_copy32 = 0x8a9
                0x000008b5                        P256_copy32_unaligned = 0x8b5
                0x000008c7                        P256_select = 0x8c7
                0x00000927                        P256_double_j = 0x927
                0x0000092b                        P256_add_j = 0x92b
                0x00000983                        P256_div2mod = 0x983
                0x000009e9                        P256_interpreter = 0x9e9
                0x00000a4d                        P256_sqrmod_many_and_mulmod = 0xa4d
                0x00000a6d                        P256_modinv = 0xa6d
                0x00000af7                        P256_jacobian_to_affine = 0xaf7
                0x00000b33                        P256_abs_int = 0xb33
                0x00000b41                        P256_pointmult = 0xb41
                0x00000d03                        P256_ecdh_keygen = 0xd03
                0x00000d0b                        P256_ecdh_shared_secret = 0xd0b
                0x00000e09                        __aeabi_uidiv = 0xe09
                0x00000e09                        __aeabi_uidivmod = 0xe09
                0x00000e35                        __aeabi_idiv = 0xe35
                0x00000e35                        __aeabi_idivmod = 0xe35
                0x00000e81                        __aeabi_memcpy = 0xe81
                0x00000e81                        __aeabi_memcpy4 = 0xe81
                0x00000e81                        __aeabi_memcpy8 = 0xe81
                0x00000e81                        memcpy = 0xe81
                0x00000ea5                        __aeabi_memset = 0xea5
                0x00000ea5                        __aeabi_memset4 = 0xea5
                0x00000ea5                        __aeabi_memset8 = 0xea5
                0x00000eb3                        __aeabi_memclr = 0xeb3
                0x00000eb3                        __aeabi_memclr4 = 0xeb3
                0x00000eb3                        __aeabi_memclr8 = 0xeb3
                0x00000eb7                        memset = 0xeb7
                0x00000ec9                        strlen = 0xec9
                0x00000ed7                        strcmp = 0xed7
                0x00000ef3                        memcmp = 0xef3
                0x00000f0d                        strncmp = 0xf0d
                0x00000f2d                        strtok = 0xf2d
                0x00000f75                        __aeabi_uread4 = 0xf75
                0x00000f75                        __rt_uread4 = 0xf75
                0x00000f75                        _uread4 = 0xf75
                0x00000f89                        strtoul = 0xf89
                0x00001001                        __rt_ctype_table = 0x1001
                0x00001009                        _strtoul = 0x1009
                0x0000112d                        GPIO_IRQHandler = 0x112d
                0x00001175                        HCI_CommandCompleteEvent = 0x1175
                0x000011fd                        HCI_CommandStatusEvent = 0x11fd
                0x00001251                        HCI_DataBufferOverflowEvent = 0x1251
                0x0000128d                        HCI_DisconnectCmd = 0x128d
                0x000012a1                        HCI_EXT_AdvEventNoticeCmd = 0x12a1
                0x000012a9                        HCI_EXT_BuildRevisionCmd = 0x12a9
                0x000012e5                        HCI_EXT_ClkDivOnHaltCmd = 0x12e5
                0x0000130d                        HCI_EXT_ConnEventNoticeCmd = 0x130d
                0x00001315                        HCI_EXT_DeclareNvUsageCmd = 0x1315
                0x00001339                        HCI_EXT_DecryptCmd = 0x1339
                0x0000137d                        HCI_EXT_DelaySleepCmd = 0x137d
                0x000013a5                        HCI_EXT_DisconnectImmedCmd = 0x13a5
                0x000013cd                        HCI_EXT_EnablePTMCmd = 0x13cd
                0x000013e1                        HCI_EXT_EndModemTestCmd = 0x13e1
                0x00001409                        HCI_EXT_HaltDuringRfCmd = 0x1409
                0x00001431                        HCI_EXT_ModemHopTestTxCmd = 0x1431
                0x00001459                        HCI_EXT_ModemTestRxCmd = 0x1459
                0x00001481                        HCI_EXT_ModemTestTxCmd = 0x1481
                0x000014a5                        HCI_EXT_NumComplPktsLimitCmd = 0x14a5
                0x000014c9                        HCI_EXT_OnePktPerEvtCmd = 0x14c9
                0x000014f5                        HCI_EXT_OverlappedProcessingCmd = 0x14f5
                0x0000151d                        HCI_EXT_PERbyChanCmd = 0x151d
                0x00001541                        HCI_EXT_PacketErrorRateCmd = 0x1541
                0x00001575                        HCI_EXT_ResetSystemCmd = 0x1575
                0x0000159d                        HCI_EXT_SaveFreqTuneCmd = 0x159d
                0x000015c5                        HCI_EXT_SetBDADDRCmd = 0x15c5
                0x00001601                        HCI_EXT_SetFastTxResponseTimeCmd = 0x1601
                0x00001629                        HCI_EXT_SetFreqTuneCmd = 0x1629
                0x00001651                        HCI_EXT_SetLocalSupportedFeaturesCmd = 0x1651
                0x00001679                        HCI_EXT_SetMaxDtmTxPowerCmd = 0x1679
                0x000016a1                        HCI_EXT_SetRxGainCmd = 0x16a1
                0x000016d1                        HCI_EXT_SetSCACmd = 0x16d1
                0x000016f9                        HCI_EXT_SetSlaveLatencyOverrideCmd = 0x16f9
                0x00001721                        HCI_EXT_SetTxPowerCmd = 0x1721
                0x00001751                        HCI_ExtTaskRegister = 0x1751
                0x0000175d                        HCI_GAPTaskRegister = 0x175d
                0x00001769                        HCI_HardwareErrorEvent = 0x1769
                0x000017b1                        HCI_HostBufferSizeCmd = 0x17b1
                0x000017e1                        HCI_HostNumCompletedPktCmd = 0x17e1
                0x0000183d                        HCI_Init = 0x183d
                0x00001879                        HCI_L2CAPTaskRegister = 0x1879
                0x000018a1                        HCI_LE_AddDevToResolvingListCmd = 0x18a1
                0x000018bd                        HCI_LE_AddWhiteListCmd = 0x18bd
                0x000018e1                        HCI_LE_ClearAdvSetsCmd = 0x18e1
                0x00001919                        HCI_LE_ClearResolvingListCmd = 0x1919
                0x00001935                        HCI_LE_ClearWhiteListCmd = 0x1935
                0x0000196d                        HCI_LE_Connection_CTE_Request_EnableCmd = 0x196d
                0x00001999                        HCI_LE_Connection_CTE_Response_EnableCmd = 0x1999
                0x000019c1                        HCI_LE_ConnectionlessCTE_TransmitEnableCmd = 0x19c1
                0x000019dd                        HCI_LE_ConnectionlessCTE_TransmitParamCmd = 0x19dd
                0x00001a01                        HCI_LE_ConnectionlessIQ_SampleEnableCmd = 0x1a01
                0x00001a31                        HCI_LE_CreateConnCancelCmd = 0x1a31
                0x00001a4d                        HCI_LE_CreateConnCmd = 0x1a4d
                0x00001a89                        HCI_LE_EncryptCmd = 0x1a89
                0x00001ac1                        HCI_LE_ExtendedCreateConnectionCmd = 0x1ac1
                0x00001b09                        HCI_LE_LtkReqNegReplyCmd = 0x1b09
                0x00001b31                        HCI_LE_LtkReqReplyCmd = 0x1b31
                0x00001b59                        HCI_LE_PeriodicAdvertisingCreateSyncCancelCmd = 0x1b59
                0x00001b75                        HCI_LE_PeriodicAdvertisingCreateSyncCmd = 0x1b75
                0x00001b9d                        HCI_LE_PeriodicAdvertisingTerminateSyncCmd = 0x1b9d
                0x00001bb9                        HCI_LE_READ_Anatenna_InfoCmd = 0x1bb9
                0x00001bd9                        HCI_LE_RandCmd = 0x1bd9
                0x00001c09                        HCI_LE_ReadAdvChanTxPowerCmd = 0x1c09
                0x00001c29                        HCI_LE_ReadBufSizeCmd = 0x1c29
                0x00001c4d                        HCI_LE_ReadChannelMapCmd = 0x1c4d
                0x00001c99                        HCI_LE_ReadLocalSupportedFeaturesCmd = 0x1c99
                0x00001cb9                        HCI_LE_ReadMaxDataLengthCmd = 0x1cb9
                0x00001ce9                        HCI_LE_ReadMaximumAdvDataLengthCmd = 0x1ce9
                0x00001d11                        HCI_LE_ReadNumberOfSupportAdvSetCmd = 0x1d11
                0x00001d71                        HCI_LE_ReadPhyMode = 0x1d71
                0x00001db1                        HCI_LE_ReadRemoteUsedFeaturesCmd = 0x1db1
                0x00001dc5                        HCI_LE_ReadResolvingListSizeCmd = 0x1dc5
                0x00001de5                        HCI_LE_ReadSuggestedDefaultDataLengthCmd = 0x1de5
                0x00001e15                        HCI_LE_ReadSupportedStatesCmd = 0x1e15
                0x00001e3d                        HCI_LE_ReadWhiteListSizeCmd = 0x1e3d
                0x00001e9d                        HCI_LE_ReceiverTestCmd = 0x1e9d
                0x00001eb1                        HCI_LE_RemoveAdvSetCmd = 0x1eb1
                0x00001ee9                        HCI_LE_RemoveResolvingListCmd = 0x1ee9
                0x00001f0d                        HCI_LE_RemoveWhiteListCmd = 0x1f0d
                0x00001f31                        HCI_LE_SetAddressResolutionEnableCmd = 0x1f31
                0x00001f4d                        HCI_LE_SetAdvDataCmd = 0x1f4d
                0x00001f69                        HCI_LE_SetAdvEnableCmd = 0x1f69
                0x00001f85                        HCI_LE_SetAdvParamCmd = 0x1f85
                0x00001fb1                        HCI_LE_SetDataLengthCmd = 0x1fb1
                0x00001fd9                        HCI_LE_SetDefaultPhyMode = 0x1fd9
                0x00001ff5                        HCI_LE_SetEventMaskCmd = 0x1ff5
                0x0000202d                        HCI_LE_SetExtAdvDataCmd = 0x202d
                0x0000204d                        HCI_LE_SetExtAdvEnableCmd = 0x204d
                0x0000206d                        HCI_LE_SetExtAdvParamCmd = 0x206d
                0x000020c1                        HCI_LE_SetExtAdvSetRandomAddressCmd = 0x20c1
                0x000020dd                        HCI_LE_SetExtScanRspDataCmd = 0x20dd
                0x000020fd                        HCI_LE_SetExtendedScanEnableCmd = 0x20fd
                0x00002119                        HCI_LE_SetExtendedScanParametersCmd = 0x2119
                0x0000213d                        HCI_LE_SetHostChanClassificationCmd = 0x213d
                0x00002159                        HCI_LE_SetPeriodicAdvDataCmd = 0x2159
                0x00002175                        HCI_LE_SetPeriodicAdvEnableCmd = 0x2175
                0x00002191                        HCI_LE_SetPeriodicAdvParameterCmd = 0x2191
                0x000021ad                        HCI_LE_SetPhyMode = 0x21ad
                0x000021c5                        HCI_LE_SetRandomAddressCmd = 0x21c5
                0x000021e9                        HCI_LE_SetResolvablePrivateAddressTimeoutCmd = 0x21e9
                0x00002219                        HCI_LE_SetScanEnableCmd = 0x2219
                0x00002235                        HCI_LE_SetScanParamCmd = 0x2235
                0x00002255                        HCI_LE_SetScanRspDataCmd = 0x2255
                0x00002271                        HCI_LE_Set_ConnectionCTE_ReceiveParamCmd = 0x2271
                0x0000229d                        HCI_LE_Set_ConnectionCTE_TransmitParamCmd = 0x229d
                0x000022e1                        HCI_LE_StartEncyptCmd = 0x22e1
                0x000022f5                        HCI_LE_TestEndCmd = 0x22f5
                0x0000231d                        HCI_LE_TransmitterTestCmd = 0x231d
                0x00002339                        HCI_LE_WriteSuggestedDefaultDataLengthCmd = 0x2339
                0x00002371                        HCI_NumOfCompletedPacketsEvent = 0x2371
                0x00002401                        HCI_PPLUS_AdvEventDoneNoticeCmd = 0x2401
                0x00002421                        HCI_PPLUS_ConnEventDoneNoticeCmd = 0x2421
                0x00002461                        HCI_PPLUS_DateLengthChangedNoticeCmd = 0x2461
                0x000024a1                        HCI_PPLUS_ExtendTRXCmd = 0x24a1
                0x000024bd                        HCI_PPLUS_PhyUpdateNoticeCmd = 0x24bd
                0x000024fd                        HCI_ProcessEvent = 0x24fd
                0x00002551                        HCI_ReadBDADDRCmd = 0x2551
                0x00002571                        HCI_ReadLocalSupportedCommandsCmd = 0x2571
                0x00002589                        HCI_ReadLocalSupportedFeaturesCmd = 0x2589
                0x000025ad                        HCI_ReadLocalVersionInfoCmd = 0x25ad
                0x000025f5                        HCI_ReadRemoteVersionInfoCmd = 0x25f5
                0x00002625                        HCI_ReadRssiCmd = 0x2625
                0x00002651                        HCI_ReadTransmitPowerLevelCmd = 0x2651
                0x0000267d                        HCI_ResetCmd = 0x267d
                0x000026a9                        HCI_ReverseBytes = 0x26a9
                0x000026c9                        HCI_SMPTaskRegister = 0x26c9
                0x000026d5                        HCI_SendCommandCompleteEvent = 0x26d5
                0x0000277d                        HCI_SendCommandStatusEvent = 0x277d
                0x0000279d                        HCI_SendControllerToHostEvent = 0x279d
                0x000027e9                        HCI_SendDataPkt = 0x27e9
                0x00002819                        HCI_SetControllerToHostFlowCtrlCmd = 0x2819
                0x0000285d                        HCI_SetEventMaskCmd = 0x285d
                0x0000288d                        HCI_TestAppTaskRegister = 0x288d
                0x00002899                        HCI_ValidConnTimeParams = 0x2899
                0x000028d9                        HCI_VendorSpecifcCommandCompleteEvent = 0x28d9
                0x000028e9                        HCI_bm_alloc = 0x28e9
                0x000028f1                        HardFault_Handler = 0x28f1
                0x00002909                        HardFault_IRQHandler = 0x2909
                0x000029dd                        LL_AddResolvingListLDevice = 0x29dd
                0x00002a95                        LL_AddWhiteListDevice = 0x2a95
                0x00002b11                        LL_AdvReportCback = 0x2b11
                0x00002ca1                        LL_CTE_Report_FailedCback = 0x2ca1
                0x00002d0d                        LL_ChanMapUpdate = 0x2d0d
                0x00002e2d                        LL_ClearAdvSets = 0x2e2d
                0x00002f41                        LL_ClearResolvingList = 0x2f41
                0x00002fbd                        LL_ClearWhiteList = 0x2fbd
                0x00003011                        LL_ConnActive = 0x3011
                0x00003039                        LL_ConnParamUpdateCback = 0x3039
                0x000030e5                        LL_ConnUpdate = 0x30e5
                0x000031b9                        LL_ConnectionCompleteCback = 0x31b9
                0x000032d5                        LL_ConnectionIQReportCback = 0x32d5
                0x000033e5                        LL_Connection_CTE_Request_Enable = 0x33e5
                0x00003499                        LL_Connection_CTE_Response_Enable = 0x3499
                0x00003505                        LL_ConnectionlessCTE_TransmitEnable = 0x3505
                0x000035e5                        LL_ConnectionlessCTE_TransmitParam = 0x35e5
                0x000036c1                        LL_ConnectionlessIQReportCback = 0x36c1
                0x000037c5                        LL_ConnectionlessIQ_SampleEnable = 0x37c5
                0x00003901                        LL_CreateConn = 0x3901
                0x00003949                        LL_CreateConn0 = 0x3949
                0x00003c91                        LL_CreateConnCancel = 0x3c91
                0x00003d59                        LL_CtrlToHostFlowControl = 0x3d59
                0x00003d71                        LL_DataLengthChangeCback = 0x3d71
                0x00003e3d                        LL_DirectTestEnd = 0x3e3d
                0x00003e95                        LL_DirectTestTxTest = 0x3e95
                0x00003eb1                        LL_Disconnect = 0x3eb1
                0x00003f41                        LL_DisconnectCback = 0x3f41
                0x00003fc5                        LL_ENC_AES128_Encrypt = 0x3fc5
                0x00003fdd                        LL_ENC_AES128_Encrypt0 = 0x3fdd
                0x000040ed                        LL_ENC_Decrypt = 0x40ed
                0x00004105                        LL_ENC_Decrypt0 = 0x4105
                0x00004261                        LL_ENC_Encrypt = 0x4261
                0x00004278                        LL_ENC_Encrypt0 = 0x4278
                0x000043c1                        LL_ENC_GenDeviceIV = 0x43c1
                0x000043f1                        LL_ENC_GenDeviceSKD = 0x43f1
                0x00004421                        LL_ENC_GenerateNonce = 0x4421
                0x00004459                        LL_ENC_GeneratePseudoRandNum = 0x4459
                0x00004469                        LL_ENC_GenerateTrueRandNum = 0x4469
                0x00004489                        LL_ENC_LoadKey = 0x4489
                0x000044e1                        LL_ENC_ReverseBytes = 0x44e1
                0x00004501                        LL_ENC_sm_ah = 0x4501
                0x00004543                        LL_EXT_AdvEventNotice = 0x4543
                0x00004547                        LL_EXT_BuildRevision = 0x4547
                0x0000454b                        LL_EXT_ClkDivOnHalt = 0x454b
                0x0000454f                        LL_EXT_ConnEventNotice = 0x454f
                0x00004553                        LL_EXT_DeclareNvUsage = 0x4553
                0x00004557                        LL_EXT_Decrypt = 0x4557
                0x0000455b                        LL_EXT_DelaySleep = 0x455b
                0x0000455f                        LL_EXT_DisconnectImmed = 0x455f
                0x00004563                        LL_EXT_EndModemTest = 0x4563
                0x00004567                        LL_EXT_HaltDuringRf = 0x4567
                0x0000456d                        LL_EXT_Init_IQ_pBuff = 0x456d
                0x00004581                        LL_EXT_MapPmIoPort = 0x4581
                0x00004585                        LL_EXT_ModemHopTestTx = 0x4585
                0x00004589                        LL_EXT_ModemTestRx = 0x4589
                0x0000458d                        LL_EXT_ModemTestTx = 0x458d
                0x00004591                        LL_EXT_NumComplPktsLimit = 0x4591
                0x000045ad                        LL_EXT_OnePacketPerEvent = 0x45ad
                0x000045b1                        LL_EXT_OverlappedProcessing = 0x45b1
                0x000045b5                        LL_EXT_PERbyChan = 0x45b5
                0x000045b9                        LL_EXT_PacketErrorRate = 0x45b9
                0x000045bd                        LL_EXT_PacketErrorRateCback = 0x45bd
                0x000045f9                        LL_EXT_ResetSystem = 0x45f9
                0x000045fd                        LL_EXT_SaveFreqTune = 0x45fd
                0x00004601                        LL_EXT_SetBDADDR = 0x4601
                0x00004605                        LL_EXT_SetFastTxResponseTime = 0x4605
                0x00004609                        LL_EXT_SetFreqTune = 0x4609
                0x0000460d                        LL_EXT_SetLocalSupportedFeatures = 0x460d
                0x00004611                        LL_EXT_SetMaxDtmTxPower = 0x4611
                0x00004615                        LL_EXT_SetRxGain = 0x4615
                0x00004619                        LL_EXT_SetRxGainCback = 0x4619
                0x00004635                        LL_EXT_SetSCA = 0x4635
                0x00004639                        LL_EXT_SetSlaveLatencyOverride = 0x4639
                0x0000463d                        LL_EXT_SetTxPower = 0x463d
                0x00004679                        LL_EXT_SetTxPowerCback = 0x4679
                0x00004699                        LL_EncChangeCback = 0x4699
                0x00004715                        LL_EncKeyRefreshCback = 0x4715
                0x0000478d                        LL_EncLtkNegReply = 0x478d
                0x000047d9                        LL_EncLtkReply = 0x47d9
                0x00004831                        LL_EncLtkReqCback = 0x4831
                0x000048e5                        LL_Encrypt = 0x48e5
                0x00004a8d                        LL_ExtAdvReportCback = 0x4a8d
                0x00004bfd                        LL_ExtendedCreateConnection = 0x4bfd
                0x00004e25                        LL_IRQHandler = 0x4e25
                0x00004eb1                        LL_Init = 0x4eb1
                0x00005045                        LL_InitConnectContext = 0x5045
                0x0000511d                        LL_InitExtendedAdv = 0x511d
                0x000051b5                        LL_InitExtendedScan = 0x51b5
                0x000051c5                        LL_InitPeriodicAdv = 0x51c5
                0x00005291                        LL_NumEmptyWlEntries = 0x5291
                0x000052a5                        LL_PLUS_DisableSlaveLatency = 0x52a5
                0x00005435                        LL_PLUS_EnableSlaveLatency = 0x5435
                0x0000548d                        LL_PLUS_GetAdvDataExtendData = 0x548d
                0x00005495                        LL_PLUS_GetScanRequestExtendData = 0x5495
                0x000054bd                        LL_PLUS_GetScanerAddr = 0x54bd
                0x000054d5                        LL_PLUS_PerStasReadByChn = 0x54d5
                0x00005519                        LL_PLUS_PerStatsReset = 0x5519
                0x00005535                        LL_PLUS_PerStats_Init = 0x5535
                0x00005545                        LL_PLUS_SetAdvDataFilterCB = 0x5545
                0x00005551                        LL_PLUS_SetScanRequestData = 0x5551
                0x00005579                        LL_PLUS_SetScanRequestFilterCB = 0x5579
                0x00005585                        LL_PLUS_SetScanRsqData = 0x5585
                0x000055b1                        LL_PLUS_SetScanRsqDataByIndex = 0x55b1
                0x000055bd                        LL_PeriodicAdvertisingCreateSync = 0x55bd
                0x0000560d                        LL_PeriodicAdvertisingCreateSyncCancel = 0x560d
                0x00005635                        LL_PeriodicAdvertisingTerminateSync = 0x5635
                0x00005655                        LL_PhyUpdate = 0x5655
                0x0000566d                        LL_PhyUpdate0 = 0x566d
                0x00005725                        LL_PhyUpdateCompleteCback = 0x5725
                0x000057c9                        LL_PrdAdvReportCback = 0x57c9
                0x000058b5                        LL_PrdAdvSyncEstablishedCback = 0x58b5
                0x00005989                        LL_PrdAdvSyncLostCback = 0x5989
                0x000059f1                        LL_ProcessEvent = 0x59f1
                0x00005dd9                        LL_PseudoRand = 0x5dd9
                0x00005ddd                        LL_READ_Anatenna_Info = 0x5ddd
                0x00005df1                        LL_RX_bm_alloc = 0x5df1
                0x00005e05                        LL_Rand = 0x5e05
                0x00005e65                        LL_RandCback = 0x5e65
                0x00005e89                        LL_ReadAdvChanTxPower = 0x5e89
                0x00005eb9                        LL_ReadBDADDR = 0x5eb9
                0x00005edd                        LL_ReadCarrSens = 0x5edd
                0x00005ef9                        LL_ReadChanMap = 0x5ef9
                0x00005f31                        LL_ReadFoff = 0x5f31
                0x00005f71                        LL_ReadLocalSupportedFeatures = 0x5f71
                0x00005f8d                        LL_ReadLocalVersionInfo = 0x5f8d
                0x00005fa5                        LL_ReadMaximumAdvDataLength = 0x5fa5
                0x00005fc5                        LL_ReadNumberOfSupportAdvSet = 0x5fc5
                0x00006021                        LL_ReadRemoteUsedFeatures = 0x6021
                0x00006061                        LL_ReadRemoteUsedFeaturesCompleteCback = 0x6061
                0x000060d5                        LL_ReadRemoteVersionInfo = 0x60d5
                0x00006131                        LL_ReadRemoteVersionInfoCback = 0x6131
                0x000061a9                        LL_ReadResolvingListSize = 0x61a9
                0x000061b1                        LL_ReadRssi = 0x61b1
                0x000061e5                        LL_ReadSupportedStates = 0x61e5
                0x00006269                        LL_ReadTxPowerLevel = 0x6269
                0x000062e5                        LL_ReadWlSize = 0x62e5
                0x00006335                        LL_RemoveAdvSet = 0x6335
                0x000064a5                        LL_RemoveResolvingListDevice = 0x64a5
                0x00006561                        LL_RemoveWhiteListDevice = 0x6561
                0x000065f1                        LL_Reset = 0x65f1
                0x00006791                        LL_RxDataCompleteCback = 0x6791
                0x00006831                        LL_SetAddressResolutionEnable = 0x6831
                0x00006881                        LL_SetAdvControl = 0x6881
                0x00006899                        LL_SetAdvControl0 = 0x6899
                0x00006a05                        LL_SetAdvData = 0x6a05
                0x00006a6d                        LL_SetAdvParam = 0x6a6d
                0x00006a9d                        LL_SetAdvParam0 = 0x6a9d
                0x00006df9                        LL_SetDataLengh = 0x6df9
                0x00006e11                        LL_SetDataLengh0 = 0x6e11
                0x00006ead                        LL_SetDefaultPhyMode = 0x6ead
                0x00006edd                        LL_SetExtAdvData = 0x6edd
                0x00006fc5                        LL_SetExtAdvEnable = 0x6fc5
                0x00007205                        LL_SetExtAdvParam = 0x7205
                0x000073a9                        LL_SetExtAdvSetRandomAddress = 0x73a9
                0x000073f5                        LL_SetExtScanRspData = 0x73f5
                0x00007471                        LL_SetExtendedScanEnable = 0x7471
                0x000074b5                        LL_SetExtendedScanParameters = 0x74b5
                0x0000751d                        LL_SetPeriodicAdvData = 0x751d
                0x000075cd                        LL_SetPeriodicAdvEnable = 0x75cd
                0x00007715                        LL_SetPeriodicAdvParameter = 0x7715
                0x000077e1                        LL_SetPhyMode = 0x77e1
                0x000077fd                        LL_SetPhyMode0 = 0x77fd
                0x000078c9                        LL_SetRandomAddress = 0x78c9
                0x00007929                        LL_SetResolvablePrivateAddressTimeout = 0x7929
                0x00007935                        LL_SetScanControl = 0x7935
                0x0000794d                        LL_SetScanControl0 = 0x794d
                0x00007a59                        LL_SetScanParam = 0x7a59
                0x00007a75                        LL_SetScanParam0 = 0x7a75
                0x00007b15                        LL_SetScanRspData = 0x7b15
                0x00007b65                        LL_SetTxPowerLevel = 0x7b65
                0x00007b91                        LL_Set_ConnectionCTE_ReceiveParam = 0x7b91
                0x00007c99                        LL_Set_ConnectionCTE_TransmitParam = 0x7c99
                0x00007e01                        LL_StartEncrypt = 0x7e01
                0x00007f01                        LL_TX_bm_alloc = 0x7f01
                0x00007f1d                        LL_TxData = 0x7f1d
                0x00007fb9                        LL_WriteSuggestedDefaultDataLength = 0x7fb9
                0x00007ff9                        LL_evt_schedule = 0x7ff9
                0x000080b5                        LL_extAdvTimerExpProcess = 0x80b5
                0x000080b9                        LL_extInitTimerExpProcess = 0x80b9
                0x000080bb                        LL_extScanTimerExpProcess = 0x80bb
                0x000080bd                        LL_master_conn_event = 0x80bd
                0x0000826d                        LL_prdAdvTimerExpProcess = 0x826d
                0x00008271                        LL_prdScanTimerExpProcess = 0x8271
                0x00008275                        LL_set_default_conn_params = 0x8275
                0x0000828d                        LL_set_default_conn_params0 = 0x828d
                0x000082b9                        LL_slave_conn_event = 0x82b9
                0x00008481                        NMI_Handler = 0x8481
                0x000084cd                        PendSV_Handler = 0x84cd
                0x00008545                        TIM1_IRQHandler = 0x8545
                0x00008901                        WaitRTCCount = 0x8901
                0x00008961                        __ARM_common_switch8 = 0x8961
                0x0000961d                        _spif_read_status_reg = 0x961d
                0x00009645                        _spif_wait_nobusy = 0x9645
                0x00009769                        app_sleep_process = 0x9769
                0x00009779                        app_wakeup_process = 0x9779
                0x00009789                        ate_fun_test = 0x9789
                0x00009d11                        ate_sleep_process = 0x9d11
                0x0000a121                        ate_wakeup_process = 0xa121
                0x0000a1e9                        bit_to_byte = 0xa1e9
                0x0000a201                        ble_crc24_gen = 0xa201
                0x0000a361                        boot_init = 0xa361
                0x0000a379                        boot_init0 = 0xa379
                0x0000a3c1                        boot_m0 = 0xa3c1
                0x0000a535                        byte_to_bit = 0xa535
                0x0000a549                        calculate_whiten_seed = 0xa549
                0x0000a5c1                        clear_timer = 0xa5c1
                0x0000a5cb                        clear_timer_int = 0xa5cb
                0x0000a5d1                        clk_get_pclk = 0xa5d1
                0x0000a5ed                        clk_init = 0xa5ed
                0x0000a681                        clk_set_pclk_div = 0xa681
                0x0000a6a1                        clk_spif_ref_clk = 0xa6a1
                0x0000a6f9                        config_RTC = 0xa6f9
                0x0000a711                        config_RTC0 = 0xa711
                0x0000a755                        rom_crc16 = 0xa755
                0x0000a791                        debug_print = 0xa791
                0x0000a921                        disableSleep = 0xa921
                0x0000a975                        drv_disable_irq = 0xa975
                0x0000a99d                        drv_enable_irq = 0xa99d
                0x0000a9c9                        drv_irq_init = 0xa9c9
                0x0000a9fd                        dwc_connect = 0xa9fd
                0x0000aa35                        dwc_data_process = 0xaa35
                0x0000abd1                        dwc_loop = 0xabd1
                0x0000ace1                        efuse_read = 0xace1
                0x0000aead                        enableSleep = 0xaead
                0x0000aeb9                        enterSleepProcess = 0xaeb9
                0x0000aed1                        enterSleepProcess0 = 0xaed1
                0x0000afa1                        enter_sleep_off_mode = 0xafa1
                0x0000afb9                        enter_sleep_off_mode0 = 0xafb9
                0x0000afe9                        getMcuPrecisionCount = 0xafe9
                0x0000aff5                        getPN23RandNumber = 0xaff5
                0x0000b01d                        getRxBufferFree = 0xb01d
                0x0000b031                        getRxBufferSize = 0xb031
                0x0000b051                        getSleepMode = 0xb051
                0x0000b05d                        getTxBufferFree = 0xb05d
                0x0000b071                        getTxBufferSize = 0xb071
                0x0000b0b1                        get_rx_read_ptr = 0xb0b1
                0x0000b0b9                        get_rx_write_ptr = 0xb0b9
                0x0000b0c1                        get_sleep_flag = 0xb0c1
                0x0000b0cd                        get_timer_count = 0xb0cd
                0x0000b0d1                        get_timer_int = 0xb0d1
                0x0000b0d9                        get_tx_read_ptr = 0xb0d9
                0x0000b0e1                        get_tx_write_ptr = 0xb0e1
                0x0000b0e9                        gpio_cfg_analog_io = 0xb0e9
                0x0000b119                        gpio_dir = 0xb119
                0x0000b15d                        gpio_fmux_control = 0xb15d
                0x0000b179                        gpio_fmux_set = 0xb179
                0x0000b1b1                        gpio_in_trigger = 0xb1b1
                0x0000b219                        gpio_init = 0xb219
                0x0000b22d                        gpio_interrupt_set = 0xb22d
                0x0000b249                        gpio_pull_set = 0xb249
                0x0000b291                        gpio_read = 0xb291
                0x0000b2b5                        gpio_wakeup_set = 0xb2b5
                0x0000b319                        gpio_write = 0xb319
                0x0000b52d                        hciInitEventMasks = 0xb52d
                0x0000b555                        isSleepAllow = 0xb555
                0x0000b561                        isTimer1Running = 0xb561
                0x0000b571                        isTimer4Running = 0xb571
                0x0000b581                        jump_area_init = 0xb581
                0x0000b5a9                        ll24BitTimeCompare = 0xb5a9
                0x0000b609                        llAdjSlaveLatencyValue = 0xb609
                0x0000b629                        llAllocConnId = 0xb629
                0x0000b679                        llAllocateSyncHandle = 0xb679
                0x0000b6a9                        llAtLeastTwoChans = 0xb6a9
                0x0000b6ed                        llCalcMaxScanTime = 0xb6ed
                0x0000b745                        llCalcScaFactor = 0xb745
                0x0000b76d                        llCalcTimerDrift = 0xb76d
                0x0000b7b1                        llCheckForLstoDuringSL = 0xb7b1
                0x0000b7ed                        llCheckWhiteListUsage = 0xb7ed
                0x0000b809                        llConnCleanup = 0xb809
                0x0000b839                        llConnTerminate = 0xb839
                0x0000b851                        llConnTerminate0 = 0xb851
                0x0000b87d                        llConvertCtrlProcTimeoutToEvent = 0xb87d
                0x0000b899                        llConvertLstoToEvent = 0xb899
                0x0000b8bd                        llDeleteSyncHandle = 0xb8bd
                0x0000b8ed                        llDequeueCtrlPkt = 0xb8ed
                0x0000b929                        llDequeueDataQ = 0xb929
                0x0000b953                        llEnqueueCtrlPkt = 0xb953
                0x0000b98b                        llEnqueueDataQ = 0xb98b
                0x0000b9b1                        llEqAlreadyValidAddr = 0xb9b1
                0x0000b9b5                        llEqSynchWord = 0xb9b5
                0x0000b9c9                        llEqualBytes = 0xb9c9
                0x0000b9e9                        llEventDelta = 0xb9e9
                0x0000b9fd                        llEventInRange = 0xb9fd
                0x0000ba1b                        llGenerateCRC = 0xba1b
                0x0000ba3d                        llGenerateValidAccessAddr = 0xba3d
                0x0000ba6d                        llGetNextAdvChn = 0xba6d
                0x0000bac1                        llGetNextAuxAdvChn = 0xbac1
                0x0000bae5                        llGetNextDataChan = 0xbae5
                0x0000bb23                        llGetNextDataChanCSA2 = 0xbb23
                0x0000bb81                        llGtSixConsecZerosOrOnes = 0xbb81
                0x0000bbb3                        llGtTwentyFourTransitions = 0xbbb3
                0x0000bbe5                        llInitFeatureSet = 0xbbe5
                0x0000bc1d                        llInitFeatureSet2MPHY = 0xbc1d
                0x0000bc45                        llInitFeatureSetCodedPHY = 0xbc45
                0x0000bc6d                        llInitFeatureSetDLE = 0xbc6d
                0x0000bc89                        llLtTwoChangesInLastSixBits = 0xbc89
                0x0000bcb9                        llMasterEvt_TaskEndOk = 0xbcb9
                0x0000be05                        llMemCopyDst = 0xbe05
                0x0000be1b                        llMemCopySrc = 0xbe1b
                0x0000be35                        llOneBitSynchWordDiffer = 0xbe35
                0x0000be4d                        llPduLengthManagmentReset = 0xbe4d
                0x0000bf01                        llPduLengthUpdate = 0xbf01
                0x0000c00d                        llPendingUpdateParam = 0xc00d
                0x0000c051                        llPhyModeCtrlReset = 0xc051
                0x0000c0b9                        llPhyModeCtrlUpdateNotify = 0xc0b9
                0x0000c185                        llProcessChanMap = 0xc185
                0x0000c1d1                        llProcessMasterControlPacket = 0xc1d1
                0x0000c5b9                        llProcessMasterControlProcedures = 0xc5b9
                0x0000ca85                        llProcessRxData = 0xca85
                0x0000cc31                        llProcessSlaveControlPacket = 0xcc31
                0x0000d169                        llProcessSlaveControlProcedures = 0xd169
                0x0000d4d1                        llProcessTxData = 0xd4d1
                0x0000d4e9                        llProcessTxData0 = 0xd4e9
                0x0000d55d                        llReleaseAllConnId = 0xd55d
                0x0000d561                        llReleaseConnId = 0xd561
                0x0000d5f5                        llReplaceCtrlPkt = 0xd5f5
                0x0000d60d                        llResetConnId = 0xd60d
                0x0000d6ed                        llResetRfCounters = 0xd6ed
                0x0000d701                        llSecAdvAllow = 0xd701
                0x0000d769                        llSetNextDataChan = 0xd769
                0x0000d839                        llSetNextPhyMode = 0xd839
                0x0000d8a9                        llSetupAdv = 0xd8a9
                0x0000d949                        llSetupAdvExtIndPDU = 0xd949
                0x0000db4d                        llSetupAuxAdvIndPDU = 0xdb4d
                0x0000dda1                        llSetupAuxChainIndPDU = 0xdda1
                0x0000df91                        llSetupAuxConnectReqPDU = 0xdf91
                0x0000e025                        llSetupAuxConnectRspPDU = 0xe025
                0x0000e09d                        llSetupAuxScanRspPDU = 0xe09d
                0x0000e109                        llSetupAuxSyncIndPDU = 0xe109
                0x0000e2c1                        llSetupCTEReq = 0xe2c1
                0x0000e38d                        llSetupCTERsp = 0xe38d
                0x0000e457                        llSetupConn = 0xe457
                0x0000e459                        llSetupDataLenghtReq = 0xe459
                0x0000e4d5                        llSetupDataLenghtRsp = 0xe4d5
                0x0000e551                        llSetupDirectedAdvEvt = 0xe551
                0x0000e6a1                        llSetupEncReq = 0xe6a1
                0x0000e725                        llSetupEncRsp = 0xe725
                0x0000e7b1                        llSetupExtAdvEvent = 0xe7b1
                0x0000eb09                        llSetupExtInit = 0xeb09
                0x0000eb81                        llSetupExtScan = 0xeb81
                0x0000ec01                        llSetupFeatureSetReq = 0xec01
                0x0000ec63                        llSetupFeatureSetRsp = 0xec63
                0x0000ecc1                        llSetupInit = 0xecc1
                0x0000ed39                        llSetupNextMasterEvent = 0xed39
                0x0000ede1                        llSetupNextSlaveEvent = 0xede1
                0x0000edf9                        llSetupNextSlaveEvent0 = 0xedf9
                0x0000ef65                        llSetupNonConnectableAdvEvt = 0xef65
                0x0000f075                        llSetupPauseEncReq = 0xf075
                0x0000f0c5                        llSetupPauseEncRsp = 0xf0c5
                0x0000f121                        llSetupPhyReq = 0xf121
                0x0000f177                        llSetupPhyRsp = 0xf177
                0x0000f1cd                        llSetupPhyUpdateInd = 0xf1cd
                0x0000f239                        llSetupPrdAdvEvent = 0xf239
                0x0000f3b9                        llSetupPrdScan = 0xf3b9
                0x0000f44d                        llSetupRejectExtInd = 0xf44d
                0x0000f479                        llSetupRejectInd = 0xf479
                0x0000f4a5                        llSetupScan = 0xf4a5
                0x0000f54d                        llSetupScanInit = 0xf54d
                0x0000f55d                        llSetupScannableAdvEvt = 0xf55d
                0x0000f66d                        llSetupSecAdvEvt = 0xf66d
                0x0000f6e9                        llSetupSecConnectableAdvEvt = 0xf6e9
                0x0000f7c1                        llSetupSecInit = 0xf7c1
                0x0000f875                        llSetupSecNonConnectableAdvEvt = 0xf875
                0x0000f94d                        llSetupSecScan = 0xf94d
                0x0000fa19                        llSetupSecScannableAdvEvt = 0xfa19
                0x0000faf1                        llSetupStartEncReq = 0xfaf1
                0x0000fb15                        llSetupStartEncRsp = 0xfb15
                0x0000fb59                        llSetupSyncInfo = 0xfb59
                0x0000fc2d                        llSetupTermInd = 0xfc2d
                0x0000fc91                        llSetupUndirectedAdvEvt = 0xfc91
                0x0000fda5                        llSetupUnknownRsp = 0xfda5
                0x0000fdf9                        llSetupUpdateChanReq = 0xfdf9
                0x0000fe6d                        llSetupUpdateParamReq = 0xfe6d
                0x0000ff05                        llSetupVersionIndReq = 0xff05
                0x0000ff79                        llSlaveEvt_TaskAbort = 0xff79
                0x0000ff95                        llSlaveEvt_TaskEndOk = 0xff95
                0x00010181                        llTrxNumAdaptiveConfig = 0x10181
                0x0001019b                        llValidAccessAddr = 0x1019b
                0x000101e1                        llWaitUs = 0x101e1
                0x00010209                        llWriteTxData = 0x10209
                0x0001028f                        ll_CalcRandomAddr = 0x1028f
                0x000102cd                        ll_ResolveRandomAddrs = 0x102cd
                0x00010315                        ll_addTask = 0x10315
                0x00010445                        ll_add_adv_task = 0x10445
                0x00010461                        ll_add_adv_task_periodic = 0x10461
                0x0001047d                        ll_adptive_adj_next_time = 0x1047d
                0x000104fd                        ll_adptive_smart_window = 0x104fd
                0x000105ad                        ll_adv_scheduler = 0x105ad
                0x000105c9                        ll_adv_scheduler_periodic = 0x105c9
                0x000105e5                        ll_allocAuxAdvTimeSlot = 0x105e5
                0x00010679                        ll_allocAuxAdvTimeSlot_prd = 0x10679
                0x00010719                        _ll_debug_output = 0x10719
                0x00010731                        ll_deleteTask = 0x10731
                0x00010765                        ll_delete_adv_task = 0x10765
                0x00010781                        ll_delete_adv_task_periodic = 0x10781
                0x0001079d                        ll_ext_adv_schedule_next_event = 0x1079d
                0x000107c1                        ll_ext_init_schedule_next_event = 0x107c1
                0x000107dd                        ll_ext_scan_schedule_next_event = 0x107dd
                0x000107f9                        ll_generateExtAdvDid = 0x107f9
                0x00010801                        ll_generateTxBuffer = 0x10801
                0x000109c1                        ll_getFirstAdvChn = 0x109c1
                0x000109cd                        ll_getRPAListEntry = 0x109cd